---
source: tests/lexer.rs
expression: "lex(\"else\")"
---
Ok(
    [
        Token {
            kind: Else,
            span: Span {
                start: 0,
                end: 4,
            },
        },
        Token {
            kind: Eof,
            span: Span {
                start: 4,
                end: 4,
            },
        },
    ],
)
