---
source: tests/parser.rs
expression: "parse(\"fn f(\\n  a,\\n  b,\\n) { }\")"
---
Ok(
    [
        Fn {
            name: "f",
            params: [
                "a",
                "b",
            ],
            body: [],
            span: Span {
                start: 0,
                end: 21,
            },
        },
    ],
)
